> A yellow room

The room glows with a soft, yellow hue, warm and inviting.

Exits: south east southeast

What would you like to do? There's no way to go west.
What would you like to do? Sorry, you need to 'go' somewhere.
What would you like to do? You go south.

> A violet room

Surrounded by violet walls, the room exudes a calm and soothing atmosphere.

Exits: north east

What would you like to do? You go north.

> A yellow room

The room glows with a soft, yellow hue, warm and inviting.

Exits: south east southeast

What would you like to do? You go east.

> A turquoise room

This room is lively, painted in vibrant shades of turquoise.

Items: key, compass

Exits: west south

What would you like to do? Goodbye!
