> A white room

You are in a simple room with white walls.

Exits: north east

What would you like to do? > A white room

You are in a simple room with white walls.

Exits: north east

What would you like to do? You go east.

> A red room

This room is fancy. It's red!

Items: rose

Exits: north west

What would you like to do? > A red room

This room is fancy. It's red!

Items: rose

Exits: north west

What would you like to do? Goodbye!
