> A white room

You are in a simple room with white walls.

Exits: north east

What would you like to do? You're not carrying anything.
What would you like to do? There's no rose anywhere.
What would you like to do? You go east.

> A red room

This room is fancy. It's red!

Items: rose

Exits: north west

What would you like to do? You pick up the rose.
What would you like to do? Inventory:
  rose
What would you like to do? You go north.

> A green room

You are in a simple room, with bright green walls.

Exits: west south

What would you like to do? Inventory:
  rose
What would you like to do? There's no rose anywhere.
What would you like to do? Sorry, you need to 'get' something.
What would you like to do? Goodbye!
